cosine done
cosine (expanded) done
cos+gen done
cos+gen (expanded) done
dual done
dual (expanded) done
box done
box (expanded) done
box+gen+cos done
box+gen+cos (expanded) done
order done
order (expanded) done
order+gen+cos done
order+gen+cos (expanded) done
hyp done
hyp (expanded) done
hyp+gen+cos done
hyp+gen+cos (expanded) done
transe done
transe (expanded) done
transe+gen+cos done
transe+gen+cos (expanded) done
hyp+isa done
hyp+isa (expanded) done
pair_mlp done
pair_mlp (expanded) done
distilled dual, folded done
distilled dual, folded (expanded) done
