model                      D MAP     MRR    R@10    R@50   R@100     n | A MAP (up)
cosine                     0.274   0.334   0.412   0.689   0.775    69 |      0.271
cosine (expanded)          0.396   0.525   0.537   0.745   0.820    69 |          –
cos+gen                    0.274   0.334   0.412   0.689   0.775    69 |      0.520
cos+gen (expanded)         0.436   0.563   0.622   0.815   0.863    69 |          –
dual                       0.091   0.134   0.186   0.507   0.675    69 |      0.371
dual (expanded)            0.103   0.155   0.232   0.579   0.740    69 |          –
box                        0.219   0.307   0.377   0.641   0.778    69 |      0.502
box (expanded)             0.249   0.333   0.442   0.755   0.819    69 |          –
box+gen+cos                0.350   0.456   0.530   0.726   0.827    69 |      0.582
box+gen+cos (expanded)     0.449   0.583   0.640   0.795   0.870    69 |          –
order                      0.181   0.248   0.325   0.657   0.760    69 |      0.472
order (expanded)           0.314   0.412   0.533   0.759   0.871    69 |          –
order+gen+cos              0.366   0.460   0.552   0.769   0.862    69 |      0.618
order+gen+cos (expanded)   0.498   0.626   0.642   0.832   0.892    69 |          –
hyp                        0.019   0.025   0.015   0.142   0.288    69 |      0.424
hyp (expanded)             0.255   0.387   0.371   0.674   0.814    69 |          –
hyp+gen+cos                0.056   0.081   0.097   0.327   0.493    69 |      0.547
hyp+gen+cos (expanded)     0.423   0.539   0.599   0.866   0.926    69 |          –
transe                     0.083   0.106   0.152   0.292   0.379    69 |      0.214
transe (expanded)          0.102   0.157   0.198   0.385   0.487    69 |          –
transe+gen+cos             0.312   0.404   0.460   0.649   0.773    69 |      0.576
transe+gen+cos (expanded)   0.447   0.571   0.620   0.789   0.875    69 |          –
hyp+isa                    0.019   0.026   0.015   0.142   0.288    69 |      0.422
hyp+isa (expanded)         0.250   0.381   0.373   0.674   0.815    69 |          –
pair_mlp                   0.270   0.349   0.463   0.685   0.787    69 |      0.521
pair_mlp (expanded)        0.412   0.502   0.624   0.830   0.905    69 |          –
distilled dual, folded     0.089   0.134   0.126   0.241   0.324    69 |      0.496
distilled dual, folded (expanded)   0.257   0.342   0.453   0.709   0.795    69 |          –
