182 Task B test pairs; strata sizes: all 182, nb 96, no nb 86, named 75, not named 107, not named, nb 59, not named, no nb 48
vote, Task B test: {"MRR": 0.34776816651428727, "R@10": 0.47905604719764017, "MAP": 0.32494636421784495, "n": 113, "dir": 0.7622950673103333}
pop, Task B test: {"MRR": 0.29261751333318925, "R@10": 0.38584070796460174, "MAP": 0.2691732312118985, "n": 113, "dir": 0.9508196711540222}
vote+pop (λ=0.1 on val), Task B test: {"MRR": 0.441487762798744, "R@10": 0.5672566371681416, "MAP": 0.4134167298034117, "n": 113, "dir": 0.9590163826942444}

hit@10 per stratum (mean over seeds; the first five rows are deterministic)
model                         all                nb             no nb             named         not named     not named, nb  not named, no nb
cosine                      0.286             0.219             0.360             0.480             0.150             0.153             0.146
cos+gen                     0.731             0.833             0.616             0.827             0.664             0.746             0.562
pop                         0.407             0.521             0.279             0.360             0.439             0.525             0.333
vote                        0.485             0.914             0.006             0.465             0.499             0.900             0.006
vote+pop                    0.568             0.878             0.221             0.560             0.573             0.853             0.229
box_trans                   0.416             0.562             0.252             0.378             0.442             0.542             0.319
order_trans                 0.374             0.497             0.236             0.320             0.411             0.497             0.306
order_nk_trans              0.302             0.427             0.163             0.271             0.324             0.441             0.181
transe_trans                0.447             0.740             0.120             0.449             0.445             0.723             0.104
euc_trans                   0.233             0.326             0.128             0.267             0.209             0.350             0.035
hyp_trans                   0.544             0.785             0.275             0.529             0.555             0.768             0.292
box                         0.725             0.837             0.601             0.720             0.729             0.791             0.653
order                       0.721             0.843             0.585             0.733             0.713             0.796             0.611
euc                         0.308             0.323             0.291             0.431             0.221             0.260             0.174
hyp                         0.643             0.840             0.422             0.631             0.651             0.802             0.465
